[
    {
        "comment": "finely chopped", 
        "name": "red onions", 
        "qty": "2", 
        "input": "2 cups finely chopped red onions", 
        "display": "<span class='qty'>2</span><span class='unit'>cups</span><span class='comment'>finely chopped</span><span class='name'>red onions</span>", 
        "unit": "cup"
    }, 
    {
        "comment": "tsp", 
        "input": "1 tsp mozzarella cheese", 
        "display": "<span class='qty'>1</span><span class='comment'>tsp</span><span class='name'>mozzarella cheese</span>", 
        "name": "mozzarella cheese", 
        "qty": "1"
    }, 
    {
        "comment": "large", 
        "input": "1 large egg", 
        "display": "<span class='qty'>1</span><span class='comment'>large</span><span class='name'>egg</span>", 
        "name": "egg", 
        "qty": "1"
    }, 
    {
        "input": "5 cups all-purpose flour", 
        "display": "<span class='qty'>5</span><span class='unit'>cups</span><span class='name'>all-purpose flour</span>", 
        "name": "all-purpose flour", 
        "unit": "cup", 
        "qty": "5"
    }
]
